// Vitest Snapshot v1, https://vitest.dev/guide/snapshot.html

exports[`Import Management > should add multiple imports types 1`] = `
"import React from "react";
import { Button, Input } from "components";
import lib, { util } from "lib";

export const x = 10;"
`;
